src/commands/distribute/distributeSpl.ts(1,90): error TS1127: Invalid character.
src/commands/distribute/distributeSpl.ts(1,91): error TS1435: Unknown keyword or identifier. Did you mean 'import'?
src/commands/distribute/distributeSpl.ts(1,100): error TS1127: Invalid character.
src/commands/distribute/distributeSpl.ts(1,101): error TS1434: Unexpected keyword or identifier.
src/commands/distribute/distributeSpl.ts(1,130): error TS1127: Invalid character.
src/commands/distribute/distributeSpl.ts(1,131): error TS1434: Unexpected keyword or identifier.
src/commands/distribute/distributeSpl.ts(1,174): error TS1127: Invalid character.
src/commands/distribute/distributeSpl.ts(1,175): error TS1434: Unexpected keyword or identifier.
src/commands/distribute/distributeSpl.ts(1,204): error TS1127: Invalid character.
src/commands/distribute/distributeSpl.ts(1,205): error TS1434: Unexpected keyword or identifier.
src/commands/distribute/distributeSpl.ts(1,225): error TS1127: Invalid character.
src/commands/distribute/distributeSpl.ts(1,226): error TS1434: Unexpected keyword or identifier.
src/commands/distribute/distributeSpl.ts(1,257): error TS1127: Invalid character.
src/commands/distribute/distributeSpl.ts(1,261): error TS1434: Unexpected keyword or identifier.
src/commands/distribute/distributeSpl.ts(1,286): error TS1127: Invalid character.
src/commands/distribute/distributeSpl.ts(1,287): error TS1435: Unknown keyword or identifier. Did you mean 'import'?
src/commands/distribute/distributeSpl.ts(1,334): error TS1434: Unexpected keyword or identifier.
src/commands/distribute/distributeSpl.ts(1,372): error TS1127: Invalid character.
src/commands/distribute/distributeSpl.ts(1,373): error TS1435: Unknown keyword or identifier. Did you mean 'import'?
src/commands/distribute/distributeSpl.ts(1,392): error TS1434: Unexpected keyword or identifier.
src/commands/distribute/distributeSpl.ts(1,408): error TS1127: Invalid character.
src/commands/distribute/distributeSpl.ts(1,409): error TS1435: Unknown keyword or identifier. Did you mean 'import'?
src/commands/distribute/distributeSpl.ts(1,417): error TS1434: Unexpected keyword or identifier.
src/commands/distribute/distributeSpl.ts(1,422): error TS1434: Unexpected keyword or identifier.
src/commands/distribute/distributeSpl.ts(1,434): error TS1127: Invalid character.
src/commands/distribute/distributeSpl.ts(1,435): error TS1435: Unknown keyword or identifier. Did you mean 'import'?
src/commands/distribute/distributeSpl.ts(1,455): error TS1434: Unexpected keyword or identifier.
src/commands/distribute/distributeSpl.ts(1,478): error TS1127: Invalid character.
src/commands/distribute/distributeSpl.ts(1,480): error TS1127: Invalid character.
src/commands/distribute/distributeSpl.ts(1,481): error TS1435: Unknown keyword or identifier. Did you mean 'async'?
src/commands/distribute/distributeSpl.ts(1,526): error TS1127: Invalid character.
src/commands/distribute/distributeSpl.ts(1,530): error TS1005: ',' expected.
src/commands/distribute/distributeSpl.ts(1,553): error TS1127: Invalid character.
src/commands/distribute/distributeSpl.ts(1,557): error TS1005: ',' expected.
src/commands/distribute/distributeSpl.ts(1,573): error TS1127: Invalid character.
src/commands/distribute/distributeSpl.ts(1,577): error TS1005: ',' expected.
src/commands/distribute/distributeSpl.ts(1,594): error TS1127: Invalid character.
src/commands/distribute/distributeSpl.ts(1,598): error TS1005: ',' expected.
src/commands/distribute/distributeSpl.ts(1,612): error TS1127: Invalid character.
src/commands/distribute/distributeSpl.ts(1,705): error TS1127: Invalid character.
src/commands/distribute/distributeSpl.ts(1,706): error TS1434: Unexpected keyword or identifier.
src/commands/distribute/distributeSpl.ts(1,762): error TS1127: Invalid character.
src/commands/distribute/distributeSpl.ts(1,768): error TS1005: ',' expected.
src/commands/distribute/distributeSpl.ts(1,773): error TS1127: Invalid character.
src/commands/distribute/distributeSpl.ts(1,779): error TS1005: ',' expected.
src/commands/distribute/distributeSpl.ts(1,785): error TS1127: Invalid character.
src/commands/distribute/distributeSpl.ts(1,791): error TS1005: ',' expected.
src/commands/distribute/distributeSpl.ts(1,797): error TS1127: Invalid character.
src/commands/distribute/distributeSpl.ts(1,803): error TS1005: ',' expected.
src/commands/distribute/distributeSpl.ts(1,820): error TS1127: Invalid character.
src/commands/distribute/distributeSpl.ts(1,826): error TS1005: ',' expected.
src/commands/distribute/distributeSpl.ts(1,853): error TS1127: Invalid character.
src/commands/distribute/distributeSpl.ts(1,859): error TS1127: Invalid character.
src/commands/distribute/distributeSpl.ts(1,861): error TS1127: Invalid character.
src/commands/distribute/distributeSpl.ts(1,862): error TS1434: Unexpected keyword or identifier.
src/commands/distribute/distributeSpl.ts(1,931): error TS1127: Invalid character.
src/commands/distribute/distributeSpl.ts(1,932): error TS1434: Unexpected keyword or identifier.
src/commands/distribute/distributeSpl.ts(1,954): error TS1127: Invalid character.
src/commands/distribute/distributeSpl.ts(1,955): error TS1434: Unexpected keyword or identifier.
src/commands/distribute/distributeSpl.ts(1,1026): error TS1127: Invalid character.
src/commands/distribute/distributeSpl.ts(1,1034): error TS1005: ',' expected.
src/commands/distribute/distributeSpl.ts(1,1050): error TS1127: Invalid character.
src/commands/distribute/distributeSpl.ts(1,1058): error TS1005: ',' expected.
src/commands/distribute/distributeSpl.ts(1,1071): error TS1127: Invalid character.
src/commands/distribute/distributeSpl.ts(1,1079): error TS1005: ',' expected.
src/commands/distribute/distributeSpl.ts(1,1085): error TS1127: Invalid character.
src/commands/distribute/distributeSpl.ts(1,1093): error TS1005: ',' expected.
src/commands/distribute/distributeSpl.ts(1,1097): error TS1127: Invalid character.
src/commands/distribute/distributeSpl.ts(1,1105): error TS1127: Invalid character.
src/commands/distribute/distributeSpl.ts(1,1106): error TS1434: Unexpected keyword or identifier.
src/commands/distribute/distributeSpl.ts(1,1154): error TS1127: Invalid character.
src/commands/distribute/distributeSpl.ts(1,1159): error TS1127: Invalid character.
src/commands/distribute/distributeSpl.ts(1,1160): error TS1434: Unexpected keyword or identifier.
src/commands/distribute/distributeSpl.ts(1,1212): error TS1127: Invalid character.
src/commands/distribute/distributeSpl.ts(1,1215): error TS1127: Invalid character.
src/commands/distribute/distributeSpl.ts(1,1217): error TS1127: Invalid character.
src/commands/distribute/distributeSpl.ts(1,1218): error TS1435: Unknown keyword or identifier. Did you mean 'async'?
src/commands/distribute/distributeSpl.ts(1,1264): error TS1127: Invalid character.
src/commands/distribute/distributeSpl.ts(1,1268): error TS1005: ',' expected.
src/commands/distribute/distributeSpl.ts(1,1291): error TS1127: Invalid character.
src/commands/distribute/distributeSpl.ts(1,1295): error TS1005: ',' expected.
src/commands/distribute/distributeSpl.ts(1,1344): error TS1127: Invalid character.
src/commands/distribute/distributeSpl.ts(1,1348): error TS1005: ',' expected.
src/commands/distribute/distributeSpl.ts(1,1366): error TS1127: Invalid character.
src/commands/distribute/distributeSpl.ts(1,1370): error TS1005: ',' expected.
src/commands/distribute/distributeSpl.ts(1,1400): error TS1127: Invalid character.
src/commands/distribute/distributeSpl.ts(1,1404): error TS1005: ',' expected.
src/commands/distribute/distributeSpl.ts(1,1426): error TS1127: Invalid character.
src/commands/distribute/distributeSpl.ts(1,1466): error TS1127: Invalid character.
src/commands/distribute/distributeSpl.ts(1,1467): error TS1434: Unexpected keyword or identifier.
src/commands/distribute/distributeSpl.ts(1,1475): error TS1127: Invalid character.
src/commands/distribute/distributeSpl.ts(1,1476): error TS1434: Unexpected keyword or identifier.
src/commands/distribute/distributeSpl.ts(1,1531): error TS1127: Invalid character.
src/commands/distribute/distributeSpl.ts(1,1532): error TS1434: Unexpected keyword or identifier.
src/commands/distribute/distributeSpl.ts(1,1583): error TS1127: Invalid character.
src/commands/distribute/distributeSpl.ts(1,1584): error TS1434: Unexpected keyword or identifier.
src/commands/distribute/distributeSpl.ts(1,1693): error TS1127: Invalid character.
src/commands/distribute/distributeSpl.ts(1,1703): error TS1005: ',' expected.
src/commands/distribute/distributeSpl.ts(1,1714): error TS1127: Invalid character.
src/commands/distribute/distributeSpl.ts(1,1724): error TS1005: ',' expected.
src/commands/distribute/distributeSpl.ts(1,1749): error TS1127: Invalid character.
src/commands/distribute/distributeSpl.ts(1,1759): error TS1005: ',' expected.
src/commands/distribute/distributeSpl.ts(1,1781): error TS1127: Invalid character.
src/commands/distribute/distributeSpl.ts(1,1791): error TS1005: ',' expected.
src/commands/distribute/distributeSpl.ts(1,1804): error TS1127: Invalid character.
src/commands/distribute/distributeSpl.ts(1,1814): error TS1127: Invalid character.
src/commands/distribute/distributeSpl.ts(1,1816): error TS1127: Invalid character.
src/commands/distribute/distributeSpl.ts(1,1817): error TS1434: Unexpected keyword or identifier.
src/commands/distribute/distributeSpl.ts(1,1848): error TS1127: Invalid character.
src/commands/distribute/distributeSpl.ts(1,1849): error TS1434: Unexpected keyword or identifier.
src/commands/distribute/distributeSpl.ts(1,1895): error TS1127: Invalid character.
src/commands/distribute/distributeSpl.ts(1,1904): error TS1127: Invalid character.
src/commands/distribute/distributeSpl.ts(1,1906): error TS1127: Invalid character.
src/commands/distribute/distributeSpl.ts(1,1907): error TS1434: Unexpected keyword or identifier.
src/commands/distribute/distributeSpl.ts(1,1932): error TS1127: Invalid character.
src/commands/distribute/distributeSpl.ts(1,1942): error TS1005: ',' expected.
src/commands/distribute/distributeSpl.ts(1,1968): error TS1127: Invalid character.
src/commands/distribute/distributeSpl.ts(1,1980): error TS1005: ',' expected.
src/commands/distribute/distributeSpl.ts(1,1999): error TS1127: Invalid character.
src/commands/distribute/distributeSpl.ts(1,2011): error TS1005: ',' expected.
src/commands/distribute/distributeSpl.ts(1,2033): error TS1127: Invalid character.
src/commands/distribute/distributeSpl.ts(1,2045): error TS1005: ',' expected.
src/commands/distribute/distributeSpl.ts(1,2069): error TS1127: Invalid character.
src/commands/distribute/distributeSpl.ts(1,2081): error TS1005: ',' expected.
src/commands/distribute/distributeSpl.ts(1,2105): error TS1127: Invalid character.
src/commands/distribute/distributeSpl.ts(1,2116): error TS1127: Invalid character.
src/commands/distribute/distributeSpl.ts(1,2126): error TS1127: Invalid character.
src/commands/distribute/distributeSpl.ts(1,2133): error TS1127: Invalid character.
src/commands/distribute/distributeSpl.ts(1,2134): error TS1434: Unexpected keyword or identifier.
src/commands/distribute/distributeSpl.ts(1,2159): error TS1127: Invalid character.
src/commands/distribute/distributeSpl.ts(1,2185): error TS1127: Invalid character.
src/commands/distribute/distributeSpl.ts(1,2186): error TS1434: Unexpected keyword or identifier.
src/commands/distribute/distributeSpl.ts(1,2265): error TS1127: Invalid character.
src/commands/distribute/distributeSpl.ts(1,2266): error TS1434: Unexpected keyword or identifier.
src/commands/distribute/distributeSpl.ts(1,2334): error TS1127: Invalid character.
src/commands/distribute/distributeSpl.ts(1,2339): error TS1127: Invalid character.
src/commands/distribute/distributeSpl.ts(1,2342): error TS1127: Invalid character.
src/commands/distribute/distributeSpl.ts(1,2344): error TS1127: Invalid character.
src/commands/distribute/distributeSpl.ts(1,2345): error TS1435: Unknown keyword or identifier. Did you mean 'export'?
src/commands/distribute/distributeSpl.ts(1,2393): error TS1127: Invalid character.
src/commands/distribute/distributeSpl.ts(1,2394): error TS1434: Unexpected keyword or identifier.
src/commands/distribute/distributeSpl.ts(1,2402): error TS1127: Invalid character.
src/commands/distribute/distributeSpl.ts(1,2403): error TS1434: Unexpected keyword or identifier.
src/commands/distribute/distributeSpl.ts(1,2451): error TS1127: Invalid character.
src/commands/distribute/distributeSpl.ts(1,2452): error TS1434: Unexpected keyword or identifier.
src/commands/distribute/distributeSpl.ts(1,2557): error TS1127: Invalid character.
src/commands/distribute/distributeSpl.ts(1,2559): error TS1127: Invalid character.
src/commands/distribute/distributeSpl.ts(1,2560): error TS1434: Unexpected keyword or identifier.
src/commands/distribute/distributeSpl.ts(1,2640): error TS1127: Invalid character.
src/commands/distribute/distributeSpl.ts(1,2641): error TS1434: Unexpected keyword or identifier.
src/commands/distribute/distributeSpl.ts(1,2697): error TS1127: Invalid character.
src/commands/distribute/distributeSpl.ts(1,2698): error TS1434: Unexpected keyword or identifier.
src/commands/distribute/distributeSpl.ts(1,2782): error TS1127: Invalid character.
src/commands/distribute/distributeSpl.ts(1,2783): error TS1434: Unexpected keyword or identifier.
src/commands/distribute/distributeSpl.ts(1,2815): error TS1127: Invalid character.
src/commands/distribute/distributeSpl.ts(1,2822): error TS1127: Invalid character.
src/commands/distribute/distributeSpl.ts(1,2824): error TS1127: Invalid character.
src/commands/distribute/distributeSpl.ts(1,2825): error TS1434: Unexpected keyword or identifier.
src/commands/distribute/distributeSpl.ts(1,2914): error TS1127: Invalid character.
src/commands/distribute/distributeSpl.ts(1,2915): error TS1434: Unexpected keyword or identifier.
src/commands/distribute/distributeSpl.ts(1,3019): error TS1127: Invalid character.
src/commands/distribute/distributeSpl.ts(1,3027): error TS1005: ',' expected.
src/commands/distribute/distributeSpl.ts(1,3038): error TS1127: Invalid character.
src/commands/distribute/distributeSpl.ts(1,3046): error TS1005: ',' expected.
src/commands/distribute/distributeSpl.ts(1,3071): error TS1127: Invalid character.
src/commands/distribute/distributeSpl.ts(1,3079): error TS1005: ',' expected.
src/commands/distribute/distributeSpl.ts(1,3103): error TS1127: Invalid character.
src/commands/distribute/distributeSpl.ts(1,3111): error TS1005: ',' expected.
src/commands/distribute/distributeSpl.ts(1,3124): error TS1127: Invalid character.
src/commands/distribute/distributeSpl.ts(1,3132): error TS1127: Invalid character.
src/commands/distribute/distributeSpl.ts(1,3134): error TS1127: Invalid character.
src/commands/distribute/distributeSpl.ts(1,3135): error TS1434: Unexpected keyword or identifier.
src/commands/distribute/distributeSpl.ts(1,3198): error TS1127: Invalid character.
src/commands/distribute/distributeSpl.ts(1,3199): error TS1434: Unexpected keyword or identifier.
src/commands/distribute/distributeSpl.ts(1,3226): error TS1127: Invalid character.
src/commands/distribute/distributeSpl.ts(1,3227): error TS1434: Unexpected keyword or identifier.
src/commands/distribute/distributeSpl.ts(1,3313): error TS1127: Invalid character.
src/commands/distribute/distributeSpl.ts(1,3314): error TS1434: Unexpected keyword or identifier.
src/commands/distribute/distributeSpl.ts(1,3356): error TS1127: Invalid character.
src/commands/distribute/distributeSpl.ts(1,3357): error TS1434: Unexpected keyword or identifier.
src/commands/distribute/distributeSpl.ts(1,3432): error TS1127: Invalid character.
src/commands/distribute/distributeSpl.ts(1,3441): error TS1127: Invalid character.
src/commands/distribute/distributeSpl.ts(1,3443): error TS1127: Invalid character.
src/commands/distribute/distributeSpl.ts(1,3444): error TS1434: Unexpected keyword or identifier.
src/commands/distribute/distributeSpl.ts(1,3519): error TS1127: Invalid character.
src/commands/distribute/distributeSpl.ts(1,3520): error TS1434: Unexpected keyword or identifier.
src/commands/distribute/distributeSpl.ts(1,3580): error TS1127: Invalid character.
src/commands/distribute/distributeSpl.ts(1,3581): error TS1434: Unexpected keyword or identifier.
src/commands/distribute/distributeSpl.ts(1,3647): error TS1127: Invalid character.
src/commands/distribute/distributeSpl.ts(1,3656): error TS1127: Invalid character.
src/commands/distribute/distributeSpl.ts(1,3658): error TS1127: Invalid character.
src/commands/distribute/distributeSpl.ts(1,3659): error TS1434: Unexpected keyword or identifier.
src/commands/distribute/distributeSpl.ts(1,3713): error TS1127: Invalid character.
src/commands/distribute/distributeSpl.ts(1,3723): error TS1005: ',' expected.
src/commands/distribute/distributeSpl.ts(1,3741): error TS1127: Invalid character.
src/commands/distribute/distributeSpl.ts(1,3751): error TS1005: ',' expected.
src/commands/distribute/distributeSpl.ts(1,3775): error TS1127: Invalid character.
src/commands/distribute/distributeSpl.ts(1,3787): error TS1127: Invalid character.
src/commands/distribute/distributeSpl.ts(1,3824): error TS1127: Invalid character.
src/commands/distribute/distributeSpl.ts(1,3825): error TS1434: Unexpected keyword or identifier.
src/commands/distribute/distributeSpl.ts(1,3883): error TS1127: Invalid character.
src/commands/distribute/distributeSpl.ts(1,3890): error TS1127: Invalid character.
src/commands/distribute/distributeSpl.ts(1,3892): error TS1127: Invalid character.
src/commands/distribute/distributeSpl.ts(1,3893): error TS1434: Unexpected keyword or identifier.
src/commands/distribute/distributeSpl.ts(1,3928): error TS1127: Invalid character.
src/commands/distribute/distributeSpl.ts(1,3929): error TS1434: Unexpected keyword or identifier.
src/commands/distribute/distributeSpl.ts(1,3991): error TS1127: Invalid character.
src/commands/distribute/distributeSpl.ts(1,3992): error TS1434: Unexpected keyword or identifier.
src/commands/distribute/distributeSpl.ts(1,4024): error TS1127: Invalid character.
src/commands/distribute/distributeSpl.ts(1,4031): error TS1127: Invalid character.
src/commands/distribute/distributeSpl.ts(1,4033): error TS1127: Invalid character.
src/commands/distribute/distributeSpl.ts(1,4034): error TS1434: Unexpected keyword or identifier.
src/commands/distribute/distributeSpl.ts(1,4095): error TS1127: Invalid character.
src/commands/distribute/distributeSpl.ts(1,4097): error TS1127: Invalid character.
src/commands/distribute/distributeSpl.ts(1,4098): error TS1434: Unexpected keyword or identifier.
src/commands/distribute/distributeSpl.ts(1,4153): error TS1127: Invalid character.
src/commands/distribute/distributeSpl.ts(1,4154): error TS1434: Unexpected keyword or identifier.
src/commands/distribute/distributeSpl.ts(1,4219): error TS1127: Invalid character.
src/commands/distribute/distributeSpl.ts(1,4220): error TS1434: Unexpected keyword or identifier.
src/commands/distribute/distributeSpl.ts(1,4243): error TS1127: Invalid character.
src/commands/distribute/distributeSpl.ts(1,4251): error TS1005: ',' expected.
src/commands/distribute/distributeSpl.ts(1,4361): error TS1127: Invalid character.
src/commands/distribute/distributeSpl.ts(1,4369): error TS1127: Invalid character.
src/commands/distribute/distributeSpl.ts(1,4371): error TS1127: Invalid character.
src/commands/distribute/distributeSpl.ts(1,4372): error TS1434: Unexpected keyword or identifier.
src/commands/distribute/distributeSpl.ts(1,4472): error TS1127: Invalid character.
src/commands/distribute/distributeSpl.ts(1,4473): error TS1434: Unexpected keyword or identifier.
src/commands/distribute/distributeSpl.ts(1,4560): error TS1127: Invalid character.
src/commands/distribute/distributeSpl.ts(1,4562): error TS1127: Invalid character.
src/commands/distribute/distributeSpl.ts(1,4563): error TS1434: Unexpected keyword or identifier.
src/commands/distribute/distributeSpl.ts(1,4649): error TS1127: Invalid character.
src/commands/distribute/distributeSpl.ts(1,4651): error TS1127: Invalid character.
src/commands/distribute/distributeSpl.ts(1,4652): error TS1434: Unexpected keyword or identifier.
src/commands/distribute/distributeSpl.ts(1,4679): error TS1127: Invalid character.
src/commands/distribute/distributeSpl.ts(1,4687): error TS1005: ',' expected.
src/commands/distribute/distributeSpl.ts(1,4730): error TS1127: Invalid character.
src/commands/distribute/distributeSpl.ts(1,4810): error TS1127: Invalid character.
src/commands/distribute/distributeSpl.ts(1,4875): error TS1127: Invalid character.
src/commands/distribute/distributeSpl.ts(1,4877): error TS1127: Invalid character.
src/commands/distribute/distributeSpl.ts(1,4878): error TS1434: Unexpected keyword or identifier.
src/commands/distribute/distributeSpl.ts(1,4916): error TS1127: Invalid character.
src/commands/distribute/distributeSpl.ts(1,4924): error TS1005: ',' expected.
src/commands/distribute/distributeSpl.ts(1,4943): error TS1127: Invalid character.
src/commands/distribute/distributeSpl.ts(1,4951): error TS1005: ',' expected.
src/commands/distribute/distributeSpl.ts(1,4988): error TS1127: Invalid character.
src/commands/distribute/distributeSpl.ts(1,5055): error TS1127: Invalid character.
src/commands/distribute/distributeSpl.ts(1,5126): error TS1127: Invalid character.
src/commands/distribute/distributeSpl.ts(1,5137): error TS1127: Invalid character.
src/commands/distribute/distributeSpl.ts(1,5146): error TS1127: Invalid character.
src/commands/distribute/distributeSpl.ts(1,5172): error TS1127: Invalid character.
src/commands/distribute/distributeSpl.ts(1,5173): error TS1434: Unexpected keyword or identifier.
src/commands/distribute/distributeSpl.ts(1,5241): error TS1127: Invalid character.
src/commands/distribute/distributeSpl.ts(1,5243): error TS1127: Invalid character.
src/commands/distribute/distributeSpl.ts(1,5244): error TS1434: Unexpected keyword or identifier.
src/commands/distribute/distributeSpl.ts(1,5300): error TS1127: Invalid character.
src/commands/distribute/distributeSpl.ts(1,5301): error TS1434: Unexpected keyword or identifier.
src/commands/distribute/distributeSpl.ts(1,5324): error TS1127: Invalid character.
src/commands/distribute/distributeSpl.ts(1,5334): error TS1005: ',' expected.
src/commands/distribute/distributeSpl.ts(1,5481): error TS1127: Invalid character.
src/commands/distribute/distributeSpl.ts(1,5491): error TS1127: Invalid character.
src/commands/distribute/distributeSpl.ts(1,5557): error TS1127: Invalid character.
src/commands/distribute/distributeSpl.ts(1,5558): error TS1434: Unexpected keyword or identifier.
src/commands/distribute/distributeSpl.ts(1,5581): error TS1127: Invalid character.
src/commands/distribute/distributeSpl.ts(1,5591): error TS1005: ',' expected.
src/commands/distribute/distributeSpl.ts(1,5725): error TS1127: Invalid character.
src/commands/distribute/distributeSpl.ts(1,5735): error TS1127: Invalid character.
src/commands/distribute/distributeSpl.ts(1,5749): error TS1127: Invalid character.
src/commands/distribute/distributeSpl.ts(1,5750): error TS1434: Unexpected keyword or identifier.
src/commands/distribute/distributeSpl.ts(1,5835): error TS1127: Invalid character.
src/commands/distribute/distributeSpl.ts(1,5842): error TS1127: Invalid character.
src/commands/distribute/distributeSpl.ts(1,5857): error TS1127: Invalid character.
src/commands/distribute/distributeSpl.ts(1,5858): error TS1434: Unexpected keyword or identifier.
src/commands/distribute/distributeSpl.ts(1,5888): error TS1127: Invalid character.
src/commands/distribute/distributeSpl.ts(1,5893): error TS1127: Invalid character.
src/commands/distribute/distributeSpl.ts(1,5896): error TS1127: Invalid character.
